// Jest Snapshot v1, https://goo.gl/fbAQLP

exports[`SubcategoriesList component  renders subcategories cards for CSS category 1`] = `
.emotion-38 {
  margin-bottom: 200px;
}

.emotion-0 {
  margin: 10px 0;
  height: 0;
  border-image: linear-gradient(to right,rgba(0,0,0,0),rgba(23,124,190,0.5),rgba(0,0,0,0)) 100% 0% 0% 0%;
  border-style: solid;
}

.emotion-1 {
  font-weight: 800;
  text-align: center;
  color: #184461;
  -webkit-filter: brightness(0.8);
  filter: brightness(0.8);
  width: 100%;
  line-height: 100%;
  margin-top: 40px;
  -webkit-letter-spacing: 1px;
  -moz-letter-spacing: 1px;
  -ms-letter-spacing: 1px;
  letter-spacing: 1px;
  font-size: 28px;
}

.emotion-2 {
  font-weight: 800;
  text-align: center;
  color: #757575;
  margin-top: 10px;
  font-size: 18px;
  -webkit-letter-spacing: 1px;
  -moz-letter-spacing: 1px;
  -ms-letter-spacing: 1px;
  letter-spacing: 1px;
}

.emotion-9.emotion-9.emotion-9 {
  height: 200px;
  position: relative;
  cursor: pointer;
  z-index: 0;
}

@media (max-width:400px) {
  .emotion-9.emotion-9.emotion-9 {
    width: 100%;
  }
}

@media (min-width:400px) {
  .emotion-9.emotion-9.emotion-9 {
    width: 100%;
  }
}

@media (min-width:600px) {
  .emotion-9.emotion-9.emotion-9 {
    width: 44%;
  }
}

@media (min-width:900px) {
  .emotion-9.emotion-9.emotion-9 {
    width: 28%;
  }
}

@media (min-width:1200px) {
  .emotion-9.emotion-9.emotion-9 {
    width: 23%;
  }
}

@media (max-width:400px) {
  .emotion-9.emotion-9.emotion-9 {
    margin: 3% 1%;
  }
}

@media (min-width:400px) {
  .emotion-9.emotion-9.emotion-9 {
    margin: 3% 1%;
  }
}

@media (min-width:600px) {
  .emotion-9.emotion-9.emotion-9 {
    margin: 1% 1%;
  }
}

@media (min-width:900px) {
  .emotion-9.emotion-9.emotion-9 {
    margin: 1% 1%;
  }
}

@media (min-width:1200px) {
  .emotion-9.emotion-9.emotion-9 {
    margin: 1% 1%;
  }
}

@media (max-width:400px) {
  .emotion-9.emotion-9.emotion-9 {
    padding-left: 32px;
  }
}

@media (min-width:400px) {
  .emotion-9.emotion-9.emotion-9 {
    padding-left: 32px;
  }
}

@media (min-width:600px) {
  .emotion-9.emotion-9.emotion-9 {
    padding-left: 5px;
  }
}

@media (min-width:900px) {
  .emotion-9.emotion-9.emotion-9 {
    padding-left: 5px;
  }
}

@media (min-width:1200px) {
  .emotion-9.emotion-9.emotion-9 {
    padding-left: 5px;
  }
}

@media (max-width:400px) {
  .emotion-9.emotion-9.emotion-9 {
    padding-right: 32px;
  }
}

@media (min-width:400px) {
  .emotion-9.emotion-9.emotion-9 {
    padding-right: 32px;
  }
}

@media (min-width:600px) {
  .emotion-9.emotion-9.emotion-9 {
    padding-right: 5px;
  }
}

@media (min-width:900px) {
  .emotion-9.emotion-9.emotion-9 {
    padding-right: 5px;
  }
}

@media (min-width:1200px) {
  .emotion-9.emotion-9.emotion-9 {
    padding-right: 5px;
  }
}

.emotion-9.emotion-9.emotion-9:hover {
  z-index: 1;
}

.emotion-9.emotion-9.emotion-9:hover > div:first-of-type {
  background: #00B7C3;
  -webkit-filter: brightness(1);
  filter: brightness(1);
  -webkit-transform: translateY(0);
  -ms-transform: translateY(0);
  transform: translateY(0);
}

.emotion-9.emotion-9.emotion-9:hover > div:first-of-type svg {
  -webkit-transition: 0.5s;
  transition: 0.5s;
  -webkit-filter: none;
  filter: none;
  opacity: 1;
}

.emotion-9.emotion-9.emotion-9:hover > div:first-of-type > div {
  opacity: 1;
}

.emotion-9.emotion-9.emotion-9:hover div:nth-of-type(2) {
  -webkit-transform: translateY(0);
  -ms-transform: translateY(0);
  transform: translateY(0);
}

.emotion-5 {
  height: 200px;
  -webkit-transition: 0.5s;
  transition: 0.5s;
  position: relative;
  background: #8f8f8f;
  -webkit-filter: brightness(0.8);
  filter: brightness(0.8);
  display: -webkit-box;
  display: -webkit-flex;
  display: -ms-flexbox;
  display: flex;
  -webkit-box-pack: center;
  -webkit-justify-content: center;
  -ms-flex-pack: center;
  justify-content: center;
  -webkit-align-items: center;
  -webkit-box-align: center;
  -ms-flex-align: center;
  align-items: center;
  z-index: 1;
}

@media (max-width:400px) {
  .emotion-5 {
    -webkit-transform: translateY(0px);
    -ms-transform: translateY(0px);
    transform: translateY(0px);
  }
}

@media (min-width:400px) {
  .emotion-5 {
    -webkit-transform: translateY(0px);
    -ms-transform: translateY(0px);
    transform: translateY(0px);
  }
}

@media (min-width:600px) {
  .emotion-5 {
    -webkit-transform: translateY(100px);
    -ms-transform: translateY(100px);
    transform: translateY(100px);
  }
}

@media (min-width:900px) {
  .emotion-5 {
    -webkit-transform: translateY(100px);
    -ms-transform: translateY(100px);
    transform: translateY(100px);
  }
}

@media (min-width:1200px) {
  .emotion-5 {
    -webkit-transform: translateY(100px);
    -ms-transform: translateY(100px);
    transform: translateY(100px);
  }
}

.emotion-5 svg {
  -webkit-transition: 0.5s;
  transition: 0.5s;
  -webkit-filter: grayscale(0.6);
  filter: grayscale(0.6);
  opacity: 0.8;
}

.emotion-4 {
  -webkit-transition: 0.5s;
  transition: 0.5s;
  display: -webkit-box;
  display: -webkit-flex;
  display: -ms-flexbox;
  display: flex;
  -webkit-flex-direction: column;
  -ms-flex-direction: column;
  flex-direction: column;
  -webkit-box-pack: center;
  -webkit-justify-content: center;
  -ms-flex-pack: center;
  justify-content: center;
  -webkit-align-items: center;
  -webkit-box-align: center;
  -ms-flex-align: center;
  align-items: center;
  max-height: 80%;
}

.emotion-3 {
  opacity: 0.8;
  margin: 10px 0 0;
  padding: 0;
  color: #fff;
  text-align: center;
  font-size: 1.5em;
}

.emotion-8 {
  height: 200px;
  -webkit-transition: 0.5s;
  transition: 0.5s;
  position: relative;
  background: #fff;
  -webkit-box-pack: center;
  -webkit-justify-content: center;
  -ms-flex-pack: center;
  justify-content: center;
  -webkit-align-items: center;
  -webkit-box-align: center;
  -ms-flex-align: center;
  align-items: center;
  padding: 20px;
  box-sizing: border-box;
  box-shadow: 0 10px 20px rgba(0,0,0,0.6);
  -webkit-transform: translateY(-100px);
  -ms-transform: translateY(-100px);
  transform: translateY(-100px);
}

@media (max-width:400px) {
  .emotion-8 {
    display: none;
  }
}

@media (min-width:400px) {
  .emotion-8 {
    display: none;
  }
}

@media (min-width:600px) {
  .emotion-8 {
    display: -webkit-box;
    display: -webkit-flex;
    display: -ms-flexbox;
    display: flex;
  }
}

@media (min-width:900px) {
  .emotion-8 {
    display: -webkit-box;
    display: -webkit-flex;
    display: -ms-flexbox;
    display: flex;
  }
}

@media (min-width:1200px) {
  .emotion-8 {
    display: -webkit-box;
    display: -webkit-flex;
    display: -ms-flexbox;
    display: flex;
  }
}

.emotion-6 {
  margin: 0;
  padding: 0;
}

<div>
  <div
    class="emotion-38"
  >
    <div
      class="emotion-0"
      color="rgba(23, 124, 190, 0.5)"
    />
    <div
      class="emotion-1"
    >
      This category is divided into more specific subcategories
    </div>
    <div
      class="emotion-2"
    >
      Choose the one that best suits your needs
    </div>
    <div
      class="ui relaxed grid"
    >
      <a
        class="emotion-9"
        color="#00B7C3"
        data-testid="category-css"
        href="/css/animations/"
      >
        <div
          class="emotion-5"
          color="#8f8f8f"
        >
          <div
            class="emotion-4"
          >
            <svg
              fill="none"
              style="width: 40%;"
              viewBox="0 0 164 164"
              width="10vw"
              xml:space="preserve"
            >
              <path
                d="M160.311 88.238h-72.71v72.71h72.71v-72.71z"
                fill="#94A4A4"
              />
              <path
                d="M31.459 151.39h23.71l-7.378 7.378a3.057 3.057 0 000 4.293 3.024 3.024 0 002.147.905c.771 0 1.543-.301 2.146-.905l12.577-12.577a3.057 3.057 0 000-4.293l-12.577-12.576a3.056 3.056 0 00-4.293 0 3.057 3.057 0 000 4.293l7.379 7.378H31.458c-13.985 0-25.354-11.369-25.354-25.355v-14.857a3.063 3.063 0 00-3.052-3.052A3.063 3.063 0 000 105.074v14.857c0 17.339 14.086 31.459 31.459 31.459zM5.5.939A3.05 3.05 0 003.354.033 3.05 3.05 0 001.207.94a3.017 3.017 0 00-.872 2.146c0 .805.336 1.577.872 2.147a3.05 3.05 0 002.147.905A3.05 3.05 0 005.5 5.232a3.05 3.05 0 00.906-2.147A3.05 3.05 0 005.5.94zM65.667 6.104a3.042 3.042 0 003.052-3.052A3.042 3.042 0 0065.667 0a3.063 3.063 0 00-3.052 3.052 3.042 3.042 0 003.052 3.052zM55.27.033a3.063 3.063 0 00-3.052 3.052 3.042 3.042 0 003.052 3.052 3.042 3.042 0 003.052-3.052A3.063 3.063 0 0055.27.033zM24.114 6.104a3.042 3.042 0 003.052-3.052A3.042 3.042 0 0024.114 0a3.063 3.063 0 00-3.052 3.052c.033 1.71 1.375 3.052 3.052 3.052zM13.75.033A3.063 3.063 0 0010.7 3.085a3.042 3.042 0 003.052 3.052 3.02 3.02 0 003.052-3.052C16.769 1.41 15.428.033 13.75.033zM44.907.033a3.063 3.063 0 00-3.052 3.052 3.063 3.063 0 003.052 3.052 3.042 3.042 0 003.052-3.052C47.926 1.41 46.584.033 44.907.033zM34.51.033a3.063 3.063 0 00-3.051 3.052 3.042 3.042 0 003.051 3.052 3.042 3.042 0 003.052-3.052A3.063 3.063 0 0034.51.033zM78.21 5.232c.57-.57.872-1.342.872-2.147 0-.805-.335-1.576-.872-2.146a3.05 3.05 0 00-2.146-.906 3.05 3.05 0 00-2.147.906 3.018 3.018 0 00-.872 2.146c0 .805.336 1.577.872 2.147a3.05 3.05 0 002.147.905c.805-.033 1.576-.335 2.146-.905zM76.064 20.794c-1.677 0-3.019 1.375-3.019 3.051 0 1.677 1.342 3.052 3.019 3.052a3.063 3.063 0 003.052-3.052c-.034-1.676-1.375-3.051-3.052-3.051zM76.064 62.347c-1.677 0-3.019 1.341-3.019 3.052 0 1.677 1.342 3.052 3.019 3.052a3.063 3.063 0 003.052-3.052c-.034-1.677-1.375-3.052-3.052-3.052zM76.064 31.19a3.006 3.006 0 00-3.019 3.019c0 1.676 1.342 3.051 3.019 3.051a3.063 3.063 0 003.052-3.051c-.034-1.644-1.375-3.019-3.052-3.019zM76.064 51.95c-1.677 0-3.019 1.375-3.019 3.052s1.342 3.052 3.019 3.052a3.042 3.042 0 003.052-3.052c-.034-1.677-1.375-3.052-3.052-3.052zM76.064 41.587c-1.677 0-3.019 1.341-3.019 3.052 0 1.677 1.342 3.052 3.019 3.052a3.063 3.063 0 003.052-3.052c-.034-1.71-1.375-3.052-3.052-3.052zM76.064 10.43c-1.677 0-3.019 1.342-3.019 3.052 0 1.677 1.342 3.052 3.019 3.052a3.063 3.063 0 003.052-3.052c-.034-1.71-1.375-3.052-3.052-3.052zM79.082 75.762c0-.805-.335-1.576-.872-2.147a3.05 3.05 0 00-2.146-.905 3.05 3.05 0 00-2.147.906 3.05 3.05 0 00-.905 2.146c0 .805.335 1.576.905 2.146a3.05 3.05 0 002.147.906 3.05 3.05 0 002.146-.906c.57-.536.872-1.341.872-2.146zM34.51 72.744a3.063 3.063 0 00-3.051 3.052 3.042 3.042 0 003.051 3.051 3.042 3.042 0 003.052-3.051 3.042 3.042 0 00-3.052-3.052zM44.907 72.744a3.063 3.063 0 00-3.052 3.052 3.063 3.063 0 003.052 3.051 3.042 3.042 0 003.052-3.051c-.033-1.71-1.375-3.052-3.052-3.052zM55.27 72.744a3.063 3.063 0 00-3.052 3.052 3.042 3.042 0 003.052 3.051 3.042 3.042 0 003.052-3.051 3.042 3.042 0 00-3.052-3.052zM13.75 72.744a3.063 3.063 0 00-3.051 3.052 3.042 3.042 0 003.052 3.051 3.02 3.02 0 003.052-3.051c-.034-1.71-1.375-3.052-3.052-3.052zM24.114 78.814a3.042 3.042 0 003.052-3.052 3.063 3.063 0 00-3.052-3.052 3.063 3.063 0 00-3.052 3.052c.033 1.71 1.375 3.052 3.052 3.052zM65.667 78.814a3.042 3.042 0 003.052-3.052 3.042 3.042 0 00-3.052-3.052 3.063 3.063 0 00-3.052 3.052 3.042 3.042 0 003.052 3.052zM1.207 73.615a3.017 3.017 0 00-.872 2.147c0 .805.336 1.576.872 2.146a3.05 3.05 0 002.147.906 3.05 3.05 0 002.146-.906 3.05 3.05 0 00.906-2.146 3.05 3.05 0 00-.906-2.147 3.05 3.05 0 00-2.146-.905c-.805.034-1.576.335-2.147.906zM3.354 10.43a3.042 3.042 0 00-3.052 3.052 3.042 3.042 0 003.052 3.052 3.063 3.063 0 003.052-3.052 3.042 3.042 0 00-3.052-3.052zM3.354 20.794a3.063 3.063 0 00-3.052 3.051 3.042 3.042 0 003.052 3.052 3.063 3.063 0 003.052-3.052 3.063 3.063 0 00-3.052-3.051zM3.354 31.19c-1.677 0-3.052 1.342-3.052 3.019a3.042 3.042 0 003.052 3.051 3.063 3.063 0 003.052-3.051c0-1.644-1.375-3.019-3.052-3.019zM3.354 51.95a3.063 3.063 0 00-3.052 3.052 3.042 3.042 0 003.052 3.052 3.042 3.042 0 003.052-3.052 3.063 3.063 0 00-3.052-3.052zM3.354 62.347a3.042 3.042 0 00-3.052 3.052 3.042 3.042 0 003.052 3.052 3.063 3.063 0 003.052-3.052 3.063 3.063 0 00-3.052-3.052zM3.354 41.587a3.042 3.042 0 00-3.052 3.052 3.042 3.042 0 003.052 3.052 3.063 3.063 0 003.052-3.052 3.042 3.042 0 00-3.052-3.052zM111.614.94L99.037 13.515a3.05 3.05 0 00-.905 2.146c0 .805.335 1.576.905 2.147l12.577 12.576a3.025 3.025 0 002.146.906c.772 0 1.543-.302 2.147-.906 1.173-1.174 1.173-3.119 0-4.293l-7.379-7.378h23.712c13.985 0 25.354 11.37 25.354 25.355v14.857a3.063 3.063 0 003.052 3.052 3.063 3.063 0 003.052-3.052V44.069c0-17.34-14.119-31.459-31.458-31.459h-23.712l7.379-7.378c1.173-1.174 1.173-3.119 0-4.293a3.026 3.026 0 00-4.293 0zM163.363 160.914V88.238a3.063 3.063 0 00-3.052-3.052h-72.71a3.063 3.063 0 00-3.052 3.052v72.71A3.063 3.063 0 0087.6 164h72.71c1.677-.034 3.052-1.409 3.052-3.086zm-6.104-3.018H90.653v-66.64h66.606v66.64z"
                fill="#2C2F33"
              />
            </svg>
            <h3
              class="emotion-3"
            >
              ANIMATIONS
            </h3>
          </div>
        </div>
        <div
          class="emotion-8"
        >
          <div
            class="emotion-7"
          >
            <div
              class="emotion-6"
            >
              Animations are a great way to make our website "not boring". Properly used animations can emphasize most important parts of the page and make user more engaged. Check this section and choose the one what is proper for you.
            </div>
          </div>
        </div>
      </a>
      <a
        class="emotion-9"
        color="#00B7C3"
        data-testid="category-css"
        href="/css/cheatsheets/"
      >
        <div
          class="emotion-5"
          color="#8f8f8f"
        >
          <div
            class="emotion-4"
          >
            <svg
              fill="none"
              style="width: 40%;"
              viewBox="0 0 172 172"
              width="10vw"
            >
              <path
                d="M147.696 172H24.304a5.61 5.61 0 01-5.608-5.609V5.609A5.61 5.61 0 0124.304 0h78.522c1.486 0 2.914.592 3.965 1.643l44.87 44.87a5.608 5.608 0 011.643 3.965v115.913a5.61 5.61 0 01-5.608 5.609z"
                fill="#167EE6"
              />
              <path
                d="M106.792 1.643A5.612 5.612 0 00102.826 0H86v172h61.696a5.61 5.61 0 005.608-5.609V50.478a5.609 5.609 0 00-1.643-3.965l-44.869-44.87z"
                fill="#2860CC"
              />
              <path
                d="M151.662 46.514l-44.87-44.87A5.612 5.612 0 00102.824 0h-5.607v50.478a5.609 5.609 0 005.609 5.61h50.478v-5.61c0-1.487-.59-2.913-1.642-3.964z"
                fill="#167EE6"
              />
              <path
                d="M91.609 138.348h-44.87a5.61 5.61 0 01-5.609-5.609 5.61 5.61 0 015.609-5.609h44.87a5.61 5.61 0 010 11.218z"
                fill="#fff"
              />
              <path
                d="M91.609 127.13H86v11.218h5.609a5.61 5.61 0 005.609-5.609 5.611 5.611 0 00-5.61-5.609z"
                fill="#E6F3FF"
              />
              <path
                d="M125.261 115.913H46.739a5.61 5.61 0 01-5.609-5.609 5.61 5.61 0 015.609-5.609h78.522a5.611 5.611 0 015.609 5.609 5.611 5.611 0 01-5.609 5.609z"
                fill="#fff"
              />
              <path
                d="M125.261 104.696H86v11.217h39.261a5.611 5.611 0 005.609-5.609 5.611 5.611 0 00-5.609-5.608z"
                fill="#E6F3FF"
              />
              <path
                d="M125.261 93.478H46.739a5.61 5.61 0 01-5.609-5.608 5.61 5.61 0 015.609-5.61h78.522a5.61 5.61 0 015.609 5.61 5.612 5.612 0 01-5.609 5.608z"
                fill="#fff"
              />
              <path
                d="M125.261 82.261H86v11.217h39.261a5.61 5.61 0 005.609-5.608 5.611 5.611 0 00-5.609-5.609z"
                fill="#E6F3FF"
              />
            </svg>
            <h3
              class="emotion-3"
            >
              CHEATSHEETS
            </h3>
          </div>
        </div>
        <div
          class="emotion-8"
        >
          <div
            class="emotion-7"
          >
            <div
              class="emotion-6"
            >
              Browsing long documentations to find a small code snippet or use case for simple solutions makes you think like "Why... why I have to do it again..." ? If so - stop doing it and use cheatsheets instead.
            </div>
          </div>
        </div>
      </a>
      <a
        class="emotion-9"
        color="#00B7C3"
        data-testid="category-css"
        href="/css/frameworks/"
      >
        <div
          class="emotion-5"
          color="#8f8f8f"
        >
          <div
            class="emotion-4"
          >
            <svg
              style="width: 40%;"
              viewBox="0 0 512 512"
              width="10vw"
              xml:space="preserve"
            >
              <path
                d="M411.152 465.455h-2.909l-45.925-367.39c11.491-1.423 20.39-11.203 20.388-23.079-.002-12.853-10.423-23.273-23.276-23.271l-310.303.034c-12.851.002-23.27 10.42-23.27 23.273v413.705C25.858 501.58 36.278 512 49.13 512h362.021c12.853 0 23.273-10.42 23.273-23.273s-10.42-23.272-23.272-23.272z"
                fill="#7ac0de"
              />
              <path
                d="M411.152 465.455h-2.909l-45.925-367.39c11.491-1.423 20.39-11.203 20.388-23.079-.002-12.853-10.423-23.273-23.276-23.271l-103.432.011V512h155.153c12.853 0 23.273-10.42 23.273-23.273s-10.42-23.272-23.272-23.272z"
                fill="#5192c9"
              />
              <path
                d="M359.424 155.169H152.573c-12.853 0-23.273 10.42-23.273 23.273v206.853c0 12.853 10.42 23.273 23.273 23.273h206.851c12.853 0 23.273-10.42 23.273-23.273V178.441c0-12.852-10.42-23.272-23.273-23.272zm-23.273 103.427h-56.879v-56.882h56.879v56.882zm-103.424-56.882v56.882h-56.882v-56.882h56.882zm-56.881 103.427h56.882v56.88h-56.882v-56.88zm103.427 56.879v-56.88h56.879v56.88h-56.879zm80.151-206.851H255.998v253.398h103.426c12.853 0 23.273-10.42 23.273-23.273V178.441c0-12.852-10.42-23.272-23.273-23.272zM336.151 362.02h-56.879v-56.88h56.879v56.88zm0-103.424h-56.879v-56.882h56.879v56.882z"
                fill="#d5f4fa"
              />
              <path
                d="M359.424 155.169H255.998v253.398h103.426c12.853 0 23.273-10.42 23.273-23.273V178.441c0-12.852-10.42-23.272-23.273-23.272zM336.151 362.02h-56.879v-56.88h56.879v56.88zm0-103.424h-56.879v-56.882h56.879v56.882z"
                fill="#c0fcff"
              />
              <path
                d="M411.152 0c-41.349 0-74.991 33.64-74.991 74.989V437.01c0 41.349 33.642 74.989 74.991 74.989s74.991-33.64 74.991-74.989V74.989C486.142 33.64 452.501 0 411.152 0z"
                fill="#447ba7"
              />
              <circle
                cx="411.152"
                cy="437.015"
                fill="#5192c9"
                r="51.712"
              />
              <path
                d="M411.152 512c-41.349 0-74.991-33.642-74.991-74.989 0-41.351 33.642-74.992 74.991-74.992s74.991 33.642 74.991 74.992C486.142 478.358 452.501 512 411.152 512zm0-103.436c-15.684 0-28.445 12.761-28.445 28.447 0 15.684 12.761 28.444 28.445 28.444s28.445-12.761 28.445-28.444c0-15.686-12.761-28.447-28.445-28.447z"
                fill="#447ba7"
              />
            </svg>
            <h3
              class="emotion-3"
            >
              FRAMEWORKS
            </h3>
          </div>
        </div>
        <div
          class="emotion-8"
        >
          <div
            class="emotion-7"
          >
            <div
              class="emotion-6"
            >
              When creating prototypes or admin-like applications it is easier and much faster to use already created CSS styles gathered in frameworks rather than created them from scratch. CSS frameworks becoming more and more popular so it is worth to know the most popular ones.
            </div>
          </div>
        </div>
      </a>
      <a
        class="emotion-9"
        color="#00B7C3"
        data-testid="category-css"
        href="/css/processors/"
      >
        <div
          class="emotion-5"
          color="#8f8f8f"
        >
          <div
            class="emotion-4"
          >
            <svg
              style="width: 40%;"
              viewBox="0 0 512 512"
              width="10vw"
              x="0px"
              xml:space="preserve"
              y="0px"
            >
              <path
                d="M512 414.897v-52.966h-18.185c-6.912 0-13.082-4.193-15.704-10.584a2.114 2.114 0 00-.088-.212c-2.622-6.365-1.227-13.656 3.646-18.52l12.862-12.862-37.455-37.455-12.862 12.862c-4.864 4.873-12.156 6.268-18.52 3.646a2.114 2.114 0 00-.212-.088c-6.391-2.622-10.584-8.792-10.584-15.704v-18.185h-52.966v18.185c0 6.912-4.193 13.082-10.584 15.704a2.114 2.114 0 00-.212.088c-6.365 2.622-13.656 1.227-18.52-3.646l-12.862-12.862-37.455 37.455 12.862 12.862c4.873 4.864 6.268 12.156 3.646 18.52a2.114 2.114 0 00-.088.212c-2.622 6.391-8.792 10.584-15.704 10.584H264.83v52.966h18.185c6.912 0 13.082 4.193 15.704 10.584.026.071.053.141.088.212 2.622 6.365 1.227 13.656-3.646 18.52l-12.862 12.862 37.455 37.455 12.862-12.862c4.864-4.873 12.156-6.268 18.52-3.646.071.035.141.062.212.088 6.391 2.622 10.584 8.792 10.584 15.704V512h52.966v-18.185c0-6.912 4.193-13.082 10.584-15.704.071-.026.141-.053.212-.088 6.365-2.622 13.656-1.227 18.52 3.646l12.862 12.862 37.455-37.455-12.862-12.862c-4.873-4.864-6.268-12.156-3.646-18.52.035-.071.062-.141.088-.212 2.622-6.391 8.792-10.584 15.704-10.584H512z"
                fill="#f0ce49"
              />
              <path
                d="M317.793 185.379v-52.966h-1.898c-15.334 0-28.654-9.631-34.498-23.799l-.238-.583c-5.941-14.212-3.407-30.535 7.486-41.428l1.333-1.342-37.447-37.447-1.342 1.333c-10.893 10.893-27.215 13.436-41.428 7.486l-.583-.238c-14.168-5.844-23.799-19.165-23.799-34.498V0h-52.966v1.898c0 15.334-9.631 28.654-23.799 34.498l-.583.238c-14.212 5.95-30.535 3.407-41.428-7.486l-1.342-1.333-37.445 37.447 1.333 1.342c10.893 10.893 13.427 27.215 7.486 41.428l-.238.583c-5.844 14.168-19.165 23.799-34.498 23.799H0v52.966h1.898c15.334 0 28.654 9.631 34.498 23.799l.238.583c5.941 14.212 3.407 30.535-7.486 41.428l-1.333 1.342 37.447 37.447 1.342-1.333c10.893-10.893 27.215-13.436 41.428-7.486l.583.238c14.168 5.844 23.799 19.165 23.799 34.498v1.898h52.966v-1.898c0-15.334 9.631-28.654 23.799-34.498l.583-.238c14.212-5.95 30.535-3.407 41.428 7.486l1.342 1.333 37.447-37.447-1.333-1.342c-10.893-10.893-13.427-27.215-7.486-41.428l.238-.583c5.844-14.168 19.165-23.799 34.498-23.799h1.897z"
                fill="#42b05c"
              />
              <path
                d="M238.345 158.897c0-43.882-35.566-79.448-79.448-79.448s-79.448 35.566-79.448 79.448 35.566 79.448 79.448 79.448 79.448-35.567 79.448-79.448"
                fill="#338943"
              />
              <path
                d="M441.379 388.414c0-29.255-23.711-52.966-52.966-52.966s-52.966 23.711-52.966 52.966 23.711 52.966 52.966 52.966 52.966-23.712 52.966-52.966"
                fill="#c9a639"
              />
            </svg>
            <h3
              class="emotion-3"
            >
              PROCESSORS
            </h3>
          </div>
        </div>
        <div
          class="emotion-8"
        >
          <div
            class="emotion-7"
          >
            <div
              class="emotion-6"
            >
              Writing pure CSS styles that will work in almost all browser within all systems is really tough job. Thankfully we can use CSS processors which bring writing CSS to next level and simplify our work very much. This knowledge is crucial for every front-end developer.
            </div>
          </div>
        </div>
      </a>
      <a
        class="emotion-9"
        color="#00B7C3"
        data-testid="category-css"
        href="/css/utils/"
      >
        <div
          class="emotion-5"
          color="#8f8f8f"
        >
          <div
            class="emotion-4"
          >
            <svg
              style="width: 40%;"
              viewBox="0 0 461.27 461.27"
              width="10vw"
              xml:space="preserve"
            >
              <path
                d="M354.26 363.87v49.24c0 21.59-17.56 39.16-39.16 39.16H146.17c-21.59 0-39.16-17.57-39.16-39.16v-49.24c8.75 12.21 23.03 20.18 39.16 20.18H315.1c16.13 0 30.42-7.97 39.16-20.18z"
                fill="#4489d3"
              />
              <path
                d="M315.1 273.04c16.13 0 30.42-7.98 39.16-20.18v83.03c0 21.59-17.56 39.16-39.16 39.16H146.17c-21.59 0-39.16-17.57-39.16-39.16v-83.03c8.75 12.2 23.03 20.18 39.16 20.18H315.1z"
                fill="#6bce95"
              />
              <path
                d="M315.1 133.1c21.6 0 39.16 17.56 39.16 39.16 0 10.46-4.07 20.29-11.46 27.69-7.41 7.39-17.24 11.47-27.7 11.47h-.26V133.1h.26z"
                fill="#3a75aa"
              />
              <path
                d="M251.01 32.47c4.29 0 7.77-3.47 7.81-7.75v-.07c0-4.31-3.5-7.81-7.81-7.81s-7.81 3.5-7.81 7.81 3.5 7.82 7.81 7.82zM146.17 264.04H315.1c21.6 0 39.16-17.57 39.16-39.16v-24.59a48.356 48.356 0 01-5.1 6.02c-9.11 9.1-21.2 14.11-34.06 14.11H146.17c-16.13 0-30.41-7.98-39.16-20.18v24.64c0 21.59 17.57 39.16 39.16 39.16zm-39.16-91.78c0 21.58 17.55 39.14 39.12 39.15V133.1c-10.44.01-20.26 4.08-27.66 11.46-7.39 7.4-11.46 17.23-11.46 27.7zm0 240.85c0 21.59 17.57 39.16 39.16 39.16H315.1c21.6 0 39.16-17.57 39.16-39.16v-49.24c-8.74 12.21-23.03 20.18-39.16 20.18H146.17c-16.13 0-30.41-7.97-39.16-20.18v49.24zm0-77.22c0 21.59 17.57 39.16 39.16 39.16H315.1c21.6 0 39.16-17.57 39.16-39.16v-83.03c-8.74 12.2-23.03 20.18-39.16 20.18H146.17c-16.13 0-30.41-7.98-39.16-20.18v83.03zM315.1 211.42c10.46 0 20.29-4.08 27.7-11.47 7.39-7.4 11.46-17.23 11.46-27.69 0-21.6-17.56-39.16-39.16-39.16h-.26v78.32h.26zm-17.07-160.3c4.28 0 7.77-3.46 7.81-7.74v-.07c0-4.31-3.5-7.81-7.81-7.81s-7.82 3.5-7.82 7.81 3.51 7.81 7.82 7.81zm-7.82 41.04c0 4.31 3.51 7.81 7.82 7.81 4.28 0 7.77-3.47 7.81-7.75V58.19c-2.34 1.23-4.99 1.93-7.81 1.93s-5.48-.7-7.82-1.94v33.98zm73.05 80.1v240.85c0 26.56-21.6 48.16-48.16 48.16H146.17c-26.55 0-48.16-21.6-48.16-48.16V172.26c0-12.87 5.01-24.97 14.1-34.06 9.1-9.09 21.18-14.09 34.02-14.1V0h73.93v124.1h14.13V24.65h.01c0-9.27 7.54-16.81 16.81-16.81s16.81 7.54 16.81 16.81V124.1h13.39V43.31c0-9.27 7.55-16.81 16.82-16.81s16.81 7.54 16.81 16.81V124.1h.26c26.56 0 48.16 21.6 48.16 48.16zm-57.42 39.16V107.03c-2.34 1.24-4.99 1.94-7.81 1.94s-5.48-.71-7.82-1.94v104.39h15.63zm-24.63 0V133.1h-13.39v78.32h13.39zm-22.39 0V39.53a16.727 16.727 0 01-7.81 1.94c-2.82 0-5.48-.71-7.82-1.94v171.89h15.63zm-24.63 0V133.1h-14.13v78.32h14.13zm-23.13 0V9h-55.93v13.39h17.14v9h-17.14v15.84h17.14v9h-17.14v15.85h17.14v9h-17.14v15.84h17.14v9h-17.14v15.84h17.14v9h-17.14v15.84h17.14v9h-17.14v15.84h17.14v9h-17.14v15.84h17.14v9h-17.14v6.14h55.93z"
              />
              <path
                d="M305.84 107.03v104.39h-15.63V107.03c2.34 1.23 5 1.94 7.82 1.94s5.47-.7 7.81-1.94zM298.03 99.97c-4.31 0-7.82-3.5-7.82-7.81V58.18c2.34 1.24 5 1.94 7.82 1.94s5.47-.7 7.81-1.93v34.03c-.04 4.28-3.53 7.75-7.81 7.75zM298.03 51.12c-4.31 0-7.82-3.5-7.82-7.81s3.51-7.81 7.82-7.81 7.81 3.5 7.81 7.81v.07c-.04 4.28-3.53 7.74-7.81 7.74z"
                fill="#f97946"
              />
              <path
                d="M267.82 133.1H281.21V211.42H267.82z"
                fill="#3a75aa"
              />
              <path
                d="M258.82 39.53v171.89h-15.63V39.53c2.34 1.23 5 1.94 7.82 1.94 2.82 0 5.47-.71 7.81-1.94zM258.82 24.65v.07c-.04 4.28-3.52 7.75-7.81 7.75-4.31 0-7.81-3.51-7.81-7.82s3.5-7.81 7.81-7.81 7.81 3.5 7.81 7.81z"
                fill="#f97946"
              />
              <path
                d="M220.06 133.1H234.19V211.42H220.06z"
                fill="#3a75aa"
              />
              <path
                d="M211.06 9L211.06 211.42 155.13 211.42 155.13 205.28 172.27 205.28 172.27 196.28 155.13 196.28 155.13 180.44 172.27 180.44 172.27 171.44 155.13 171.44 155.13 155.6 172.27 155.6 172.27 146.6 155.13 146.6 155.13 130.76 172.27 130.76 172.27 121.76 155.13 121.76 155.13 105.92 172.27 105.92 172.27 96.92 155.13 96.92 155.13 81.08 172.27 81.08 172.27 72.08 155.13 72.08 155.13 56.23 172.27 56.23 172.27 47.23 155.13 47.23 155.13 31.39 172.27 31.39 172.27 22.39 155.13 22.39 155.13 9z"
                fill="#ffcc73"
              />
              <path
                d="M107.01 200.24c8.75 12.2 23.03 20.18 39.16 20.18H315.1c12.86 0 24.95-5.01 34.06-14.11 1.88-1.88 3.58-3.9 5.1-6.02v24.59c0 21.59-17.56 39.16-39.16 39.16H146.17c-21.59 0-39.16-17.57-39.16-39.16v-24.64z"
                fill="#4489d3"
              />
              <path
                d="M146.13 133.1v78.31c-21.57-.01-39.12-17.57-39.12-39.15 0-10.47 4.07-20.3 11.46-27.7 7.4-7.38 17.22-11.45 27.66-11.46z"
                fill="#3a75aa"
              />
            </svg>
            <h3
              class="emotion-3"
            >
              UTILS
            </h3>
          </div>
        </div>
        <div
          class="emotion-8"
        >
          <div
            class="emotion-7"
          >
            <div
              class="emotion-6"
            >
              If you think that creating fancy border shapes or filling backgrounds with multi color gradients is a hard task, then you should check this section - with right tools it is much easier than you might imagine.
            </div>
          </div>
        </div>
      </a>
    </div>
  </div>
</div>
`;
